C:\Users\Liparakis\Desktop\SSMP\SSMP\Networking\Core\SequenceTracker.cs(132,52): warning CS1570: XML comment has badly formed XML -- 'Whitespace is not allowed at this location.' [C:\Users\Liparakis\Desktop\SSMP\SSMP\SSMP.csproj]
C:\Users\Liparakis\Desktop\SSMP\SSMP\Networking\Core\SequenceTracker.cs(132,54): warning CS1570: XML comment has badly formed XML -- 'The character(s) ',' cannot be used at this location.' [C:\Users\Liparakis\Desktop\SSMP\SSMP\SSMP.csproj]
C:\Users\Liparakis\Desktop\SSMP\SSMP\Networking\Core\SequenceTracker.cs(132,70): warning CS1570: XML comment has badly formed XML -- 'Expected '>' or '/>' to close tag 'b'.' [C:\Users\Liparakis\Desktop\SSMP\SSMP\SSMP.csproj]
C:\Users\Liparakis\Desktop\SSMP\SSMP\Networking\Transport\DtlsClientTransport.cs(22,43): warning CS0109: The member 'DtlsClientTransport.OnDataReceived' does not hide an accessible member. The new keyword is not required. [C:\Users\Liparakis\Desktop\SSMP\SSMP\SSMP.csproj]
C:\Users\Liparakis\Desktop\SSMP\SSMP\Networking\Transport\UdpTransport.cs(113,43): warning CS0109: The member 'UdpClientTransport.OnDataReceived' does not hide an accessible member. The new keyword is not required. [C:\Users\Liparakis\Desktop\SSMP\SSMP\SSMP.csproj]
C:\Users\Liparakis\Desktop\SSMP\SSMP\Networking\Client\NetworkClient.cs(75,31): error CS1061: 'RttTracker' does not contain a definition for 'SmoothedRtt' and no accessible extension method 'SmoothedRtt' accepting a first argument of type 'RttTracker' could be found (are you missing a using directive or an assembly reference?) [C:\Users\Liparakis\Desktop\SSMP\SSMP\SSMP.csproj]
C:\Users\Liparakis\Desktop\SSMP\SSMP\Networking\Client\NetworkClient.cs(99,47): error CS1503: Argument 1: cannot convert from 'SSMP.Networking.RttTracker' to 'SSMP.Networking.Core.RttTracker' [C:\Users\Liparakis\Desktop\SSMP\SSMP\SSMP.csproj]
C:\Users\Liparakis\Desktop\SSMP\SSMP\Networking\Client\NetworkClient.cs(100,48): error CS1503: Argument 1: cannot convert from 'SSMP.Networking.RttTracker' to 'SSMP.Networking.Core.RttTracker' [C:\Users\Liparakis\Desktop\SSMP\SSMP\SSMP.csproj]
C:\Users\Liparakis\Desktop\SSMP\SSMP\Networking\Client\NetworkClient.cs(238,40): error CS0117: 'Environment' does not contain a definition for 'TickCount64' [C:\Users\Liparakis\Desktop\SSMP\SSMP\SSMP.csproj]
C:\Users\Liparakis\Desktop\SSMP\SSMP\Networking\Client\NetworkClient.cs(252,40): error CS0117: 'Environment' does not contain a definition for 'TickCount64' [C:\Users\Liparakis\Desktop\SSMP\SSMP\SSMP.csproj]
C:\Users\Liparakis\Desktop\SSMP\SSMP\Networking\Client\NetworkClient.cs(263,18): error CS1061: 'RttTracker' does not contain a definition for 'OnPacketAcked' and no accessible extension method 'OnPacketAcked' accepting a first argument of type 'RttTracker' could be found (are you missing a using directive or an assembly reference?) [C:\Users\Liparakis\Desktop\SSMP\SSMP\SSMP.csproj]
C:\Users\Liparakis\Desktop\SSMP\SSMP\Networking\Server\NetworkServer.cs(32,46): error CS1503: Argument 1: cannot convert from 'SSMP.Networking.RttTracker' to 'SSMP.Networking.Core.RttTracker' [C:\Users\Liparakis\Desktop\SSMP\SSMP\SSMP.csproj]
C:\Users\Liparakis\Desktop\SSMP\SSMP\Networking\Server\NetworkServer.cs(33,47): error CS1503: Argument 1: cannot convert from 'SSMP.Networking.RttTracker' to 'SSMP.Networking.Core.RttTracker' [C:\Users\Liparakis\Desktop\SSMP\SSMP\SSMP.csproj]
C:\Users\Liparakis\Desktop\SSMP\SSMP\Networking\Client\NetworkClient.cs(340,35): error CS0117: 'Environment' does not contain a definition for 'TickCount64' [C:\Users\Liparakis\Desktop\SSMP\SSMP\SSMP.csproj]
C:\Users\Liparakis\Desktop\SSMP\SSMP\Networking\Client\NetworkClient.cs(375,14): error CS1061: 'RttTracker' does not contain a definition for 'OnPacketSent' and no accessible extension method 'OnPacketSent' accepting a first argument of type 'RttTracker' could be found (are you missing a using directive or an assembly reference?) [C:\Users\Liparakis\Desktop\SSMP\SSMP\SSMP.csproj]
C:\Users\Liparakis\Desktop\SSMP\SSMP\Networking\Client\NetworkClient.cs(398,14): error CS1061: 'RttTracker' does not contain a definition for 'OnPacketSent' and no accessible extension method 'OnPacketSent' accepting a first argument of type 'RttTracker' could be found (are you missing a using directive or an assembly reference?) [C:\Users\Liparakis\Desktop\SSMP\SSMP\SSMP.csproj]
C:\Users\Liparakis\Desktop\SSMP\SSMP\Networking\Client\NetworkClient.cs(435,14): error CS1061: 'RttTracker' does not contain a definition for 'Clear' and no accessible extension method 'Clear' accepting a first argument of type 'RttTracker' could be found (are you missing a using directive or an assembly reference?) [C:\Users\Liparakis\Desktop\SSMP\SSMP\SSMP.csproj]
C:\Users\Liparakis\Desktop\SSMP\SSMP\Networking\Core\Fragmenter.cs(147,53): error CS0117: 'Environment' does not contain a definition for 'TickCount64' [C:\Users\Liparakis\Desktop\SSMP\SSMP\SSMP.csproj]
C:\Users\Liparakis\Desktop\SSMP\SSMP\Networking\Core\Fragmenter.cs(176,31): error CS0117: 'Environment' does not contain a definition for 'TickCount64' [C:\Users\Liparakis\Desktop\SSMP\SSMP\SSMP.csproj]
C:\Users\Liparakis\Desktop\SSMP\SSMP\Networking\Core\Fragmenter.cs(115,43): error CS0117: 'Environment' does not contain a definition for 'TickCount64' [C:\Users\Liparakis\Desktop\SSMP\SSMP\SSMP.csproj]
C:\Users\Liparakis\Desktop\SSMP\SSMP\Networking\Transport\DtlsServerTransport.cs(163,55): error CS1503: Argument 2: cannot convert from 'out object' to 'out SSMP.Networking.Transport.DtlsClientSession' [C:\Users\Liparakis\Desktop\SSMP\SSMP\SSMP.csproj]
C:\Users\Liparakis\Desktop\SSMP\SSMP\Networking\Transport\DtlsServerTransport.cs(167,51): error CS1503: Argument 2: cannot convert from 'out object' to 'out SSMP.Networking.Transport.DtlsClientSession' [C:\Users\Liparakis\Desktop\SSMP\SSMP\SSMP.csproj]
C:\Users\Liparakis\Desktop\SSMP\SSMP\Networking\Server\NetworkServer.cs(237,43): error CS0117: 'Environment' does not contain a definition for 'TickCount64' [C:\Users\Liparakis\Desktop\SSMP\SSMP\SSMP.csproj]
C:\Users\Liparakis\Desktop\SSMP\SSMP\Networking\Server\NetworkServer.cs(267,46): error CS0117: 'Environment' does not contain a definition for 'TickCount64' [C:\Users\Liparakis\Desktop\SSMP\SSMP\SSMP.csproj]
C:\Users\Liparakis\Desktop\SSMP\SSMP\Networking\Server\NetworkServer.cs(278,24): error CS1061: 'RttTracker' does not contain a definition for 'OnPacketAcked' and no accessible extension method 'OnPacketAcked' accepting a first argument of type 'RttTracker' could be found (are you missing a using directive or an assembly reference?) [C:\Users\Liparakis\Desktop\SSMP\SSMP\SSMP.csproj]
C:\Users\Liparakis\Desktop\SSMP\SSMP\Networking\Server\NetworkServer.cs(325,31): error CS0117: 'Environment' does not contain a definition for 'TickCount64' [C:\Users\Liparakis\Desktop\SSMP\SSMP\SSMP.csproj]
C:\Users\Liparakis\Desktop\SSMP\SSMP\Networking\Server\NetworkServer.cs(372,20): error CS1061: 'RttTracker' does not contain a definition for 'OnPacketSent' and no accessible extension method 'OnPacketSent' accepting a first argument of type 'RttTracker' could be found (are you missing a using directive or an assembly reference?) [C:\Users\Liparakis\Desktop\SSMP\SSMP\SSMP.csproj]
C:\Users\Liparakis\Desktop\SSMP\SSMP\Networking\Transport\DtlsServerTransport.cs(263,36): error CS0117: 'Environment' does not contain a definition for 'TickCount64' [C:\Users\Liparakis\Desktop\SSMP\SSMP\SSMP.csproj]
C:\Users\Liparakis\Desktop\SSMP\SSMP\Networking\Transport\DtlsServerTransport.cs(265,28): error CS0117: 'Environment' does not contain a definition for 'TickCount64' [C:\Users\Liparakis\Desktop\SSMP\SSMP\SSMP.csproj]
C:\Users\Liparakis\Desktop\SSMP\SSMP\Networking\Transport\DtlsServerTransport.cs(34,36): warning CS0067: The event 'DtlsServerTransport.OnClientDisconnected' is never used [C:\Users\Liparakis\Desktop\SSMP\SSMP\SSMP.csproj]
C:\Users\Liparakis\Desktop\SSMP\SSMP\Networking\Transport\LoopbackTransport.cs(32,37): warning CS0067: The event 'LoopbackTransport.OnError' is never used [C:\Users\Liparakis\Desktop\SSMP\SSMP\SSMP.csproj]
C:\Users\Liparakis\Desktop\SSMP\SSMP\Networking\Transport\DtlsServerTransport.cs(24,37): warning CS0067: The event 'DtlsServerTransport.OnError' is never used [C:\Users\Liparakis\Desktop\SSMP\SSMP\SSMP.csproj]

Build FAILED.

C:\Users\Liparakis\Desktop\SSMP\SSMP\Networking\Core\SequenceTracker.cs(132,52): warning CS1570: XML comment has badly formed XML -- 'Whitespace is not allowed at this location.' [C:\Users\Liparakis\Desktop\SSMP\SSMP\SSMP.csproj]
C:\Users\Liparakis\Desktop\SSMP\SSMP\Networking\Core\SequenceTracker.cs(132,54): warning CS1570: XML comment has badly formed XML -- 'The character(s) ',' cannot be used at this location.' [C:\Users\Liparakis\Desktop\SSMP\SSMP\SSMP.csproj]
C:\Users\Liparakis\Desktop\SSMP\SSMP\Networking\Core\SequenceTracker.cs(132,70): warning CS1570: XML comment has badly formed XML -- 'Expected '>' or '/>' to close tag 'b'.' [C:\Users\Liparakis\Desktop\SSMP\SSMP\SSMP.csproj]
C:\Users\Liparakis\Desktop\SSMP\SSMP\Networking\Transport\DtlsClientTransport.cs(22,43): warning CS0109: The member 'DtlsClientTransport.OnDataReceived' does not hide an accessible member. The new keyword is not required. [C:\Users\Liparakis\Desktop\SSMP\SSMP\SSMP.csproj]
C:\Users\Liparakis\Desktop\SSMP\SSMP\Networking\Transport\UdpTransport.cs(113,43): warning CS0109: The member 'UdpClientTransport.OnDataReceived' does not hide an accessible member. The new keyword is not required. [C:\Users\Liparakis\Desktop\SSMP\SSMP\SSMP.csproj]
C:\Users\Liparakis\Desktop\SSMP\SSMP\Networking\Transport\DtlsServerTransport.cs(34,36): warning CS0067: The event 'DtlsServerTransport.OnClientDisconnected' is never used [C:\Users\Liparakis\Desktop\SSMP\SSMP\SSMP.csproj]
C:\Users\Liparakis\Desktop\SSMP\SSMP\Networking\Transport\LoopbackTransport.cs(32,37): warning CS0067: The event 'LoopbackTransport.OnError' is never used [C:\Users\Liparakis\Desktop\SSMP\SSMP\SSMP.csproj]
C:\Users\Liparakis\Desktop\SSMP\SSMP\Networking\Transport\DtlsServerTransport.cs(24,37): warning CS0067: The event 'DtlsServerTransport.OnError' is never used [C:\Users\Liparakis\Desktop\SSMP\SSMP\SSMP.csproj]
C:\Users\Liparakis\Desktop\SSMP\SSMP\Networking\Client\NetworkClient.cs(75,31): error CS1061: 'RttTracker' does not contain a definition for 'SmoothedRtt' and no accessible extension method 'SmoothedRtt' accepting a first argument of type 'RttTracker' could be found (are you missing a using directive or an assembly reference?) [C:\Users\Liparakis\Desktop\SSMP\SSMP\SSMP.csproj]
C:\Users\Liparakis\Desktop\SSMP\SSMP\Networking\Client\NetworkClient.cs(99,47): error CS1503: Argument 1: cannot convert from 'SSMP.Networking.RttTracker' to 'SSMP.Networking.Core.RttTracker' [C:\Users\Liparakis\Desktop\SSMP\SSMP\SSMP.csproj]
C:\Users\Liparakis\Desktop\SSMP\SSMP\Networking\Client\NetworkClient.cs(100,48): error CS1503: Argument 1: cannot convert from 'SSMP.Networking.RttTracker' to 'SSMP.Networking.Core.RttTracker' [C:\Users\Liparakis\Desktop\SSMP\SSMP\SSMP.csproj]
C:\Users\Liparakis\Desktop\SSMP\SSMP\Networking\Client\NetworkClient.cs(238,40): error CS0117: 'Environment' does not contain a definition for 'TickCount64' [C:\Users\Liparakis\Desktop\SSMP\SSMP\SSMP.csproj]
C:\Users\Liparakis\Desktop\SSMP\SSMP\Networking\Client\NetworkClient.cs(252,40): error CS0117: 'Environment' does not contain a definition for 'TickCount64' [C:\Users\Liparakis\Desktop\SSMP\SSMP\SSMP.csproj]
C:\Users\Liparakis\Desktop\SSMP\SSMP\Networking\Client\NetworkClient.cs(263,18): error CS1061: 'RttTracker' does not contain a definition for 'OnPacketAcked' and no accessible extension method 'OnPacketAcked' accepting a first argument of type 'RttTracker' could be found (are you missing a using directive or an assembly reference?) [C:\Users\Liparakis\Desktop\SSMP\SSMP\SSMP.csproj]
C:\Users\Liparakis\Desktop\SSMP\SSMP\Networking\Server\NetworkServer.cs(32,46): error CS1503: Argument 1: cannot convert from 'SSMP.Networking.RttTracker' to 'SSMP.Networking.Core.RttTracker' [C:\Users\Liparakis\Desktop\SSMP\SSMP\SSMP.csproj]
C:\Users\Liparakis\Desktop\SSMP\SSMP\Networking\Server\NetworkServer.cs(33,47): error CS1503: Argument 1: cannot convert from 'SSMP.Networking.RttTracker' to 'SSMP.Networking.Core.RttTracker' [C:\Users\Liparakis\Desktop\SSMP\SSMP\SSMP.csproj]
C:\Users\Liparakis\Desktop\SSMP\SSMP\Networking\Client\NetworkClient.cs(340,35): error CS0117: 'Environment' does not contain a definition for 'TickCount64' [C:\Users\Liparakis\Desktop\SSMP\SSMP\SSMP.csproj]
C:\Users\Liparakis\Desktop\SSMP\SSMP\Networking\Client\NetworkClient.cs(375,14): error CS1061: 'RttTracker' does not contain a definition for 'OnPacketSent' and no accessible extension method 'OnPacketSent' accepting a first argument of type 'RttTracker' could be found (are you missing a using directive or an assembly reference?) [C:\Users\Liparakis\Desktop\SSMP\SSMP\SSMP.csproj]
C:\Users\Liparakis\Desktop\SSMP\SSMP\Networking\Client\NetworkClient.cs(398,14): error CS1061: 'RttTracker' does not contain a definition for 'OnPacketSent' and no accessible extension method 'OnPacketSent' accepting a first argument of type 'RttTracker' could be found (are you missing a using directive or an assembly reference?) [C:\Users\Liparakis\Desktop\SSMP\SSMP\SSMP.csproj]
C:\Users\Liparakis\Desktop\SSMP\SSMP\Networking\Client\NetworkClient.cs(435,14): error CS1061: 'RttTracker' does not contain a definition for 'Clear' and no accessible extension method 'Clear' accepting a first argument of type 'RttTracker' could be found (are you missing a using directive or an assembly reference?) [C:\Users\Liparakis\Desktop\SSMP\SSMP\SSMP.csproj]
C:\Users\Liparakis\Desktop\SSMP\SSMP\Networking\Core\Fragmenter.cs(147,53): error CS0117: 'Environment' does not contain a definition for 'TickCount64' [C:\Users\Liparakis\Desktop\SSMP\SSMP\SSMP.csproj]
C:\Users\Liparakis\Desktop\SSMP\SSMP\Networking\Core\Fragmenter.cs(176,31): error CS0117: 'Environment' does not contain a definition for 'TickCount64' [C:\Users\Liparakis\Desktop\SSMP\SSMP\SSMP.csproj]
C:\Users\Liparakis\Desktop\SSMP\SSMP\Networking\Core\Fragmenter.cs(115,43): error CS0117: 'Environment' does not contain a definition for 'TickCount64' [C:\Users\Liparakis\Desktop\SSMP\SSMP\SSMP.csproj]
C:\Users\Liparakis\Desktop\SSMP\SSMP\Networking\Transport\DtlsServerTransport.cs(163,55): error CS1503: Argument 2: cannot convert from 'out object' to 'out SSMP.Networking.Transport.DtlsClientSession' [C:\Users\Liparakis\Desktop\SSMP\SSMP\SSMP.csproj]
C:\Users\Liparakis\Desktop\SSMP\SSMP\Networking\Transport\DtlsServerTransport.cs(167,51): error CS1503: Argument 2: cannot convert from 'out object' to 'out SSMP.Networking.Transport.DtlsClientSession' [C:\Users\Liparakis\Desktop\SSMP\SSMP\SSMP.csproj]
C:\Users\Liparakis\Desktop\SSMP\SSMP\Networking\Server\NetworkServer.cs(237,43): error CS0117: 'Environment' does not contain a definition for 'TickCount64' [C:\Users\Liparakis\Desktop\SSMP\SSMP\SSMP.csproj]
C:\Users\Liparakis\Desktop\SSMP\SSMP\Networking\Server\NetworkServer.cs(267,46): error CS0117: 'Environment' does not contain a definition for 'TickCount64' [C:\Users\Liparakis\Desktop\SSMP\SSMP\SSMP.csproj]
C:\Users\Liparakis\Desktop\SSMP\SSMP\Networking\Server\NetworkServer.cs(278,24): error CS1061: 'RttTracker' does not contain a definition for 'OnPacketAcked' and no accessible extension method 'OnPacketAcked' accepting a first argument of type 'RttTracker' could be found (are you missing a using directive or an assembly reference?) [C:\Users\Liparakis\Desktop\SSMP\SSMP\SSMP.csproj]
C:\Users\Liparakis\Desktop\SSMP\SSMP\Networking\Server\NetworkServer.cs(325,31): error CS0117: 'Environment' does not contain a definition for 'TickCount64' [C:\Users\Liparakis\Desktop\SSMP\SSMP\SSMP.csproj]
C:\Users\Liparakis\Desktop\SSMP\SSMP\Networking\Server\NetworkServer.cs(372,20): error CS1061: 'RttTracker' does not contain a definition for 'OnPacketSent' and no accessible extension method 'OnPacketSent' accepting a first argument of type 'RttTracker' could be found (are you missing a using directive or an assembly reference?) [C:\Users\Liparakis\Desktop\SSMP\SSMP\SSMP.csproj]
C:\Users\Liparakis\Desktop\SSMP\SSMP\Networking\Transport\DtlsServerTransport.cs(263,36): error CS0117: 'Environment' does not contain a definition for 'TickCount64' [C:\Users\Liparakis\Desktop\SSMP\SSMP\SSMP.csproj]
C:\Users\Liparakis\Desktop\SSMP\SSMP\Networking\Transport\DtlsServerTransport.cs(265,28): error CS0117: 'Environment' does not contain a definition for 'TickCount64' [C:\Users\Liparakis\Desktop\SSMP\SSMP\SSMP.csproj]
    8 Warning(s)
    24 Error(s)

Time Elapsed 00:00:01.38
